<html>
<body>
<pre>
<h1>礦ision Build Log</h1>
<h2>Tool Versions:</h2>
IDE-Version: μVision V5.28.0.0
Copyright (C) 2019 ARM Ltd and ARM Germany GmbH. All rights reserved.
License Information: R Kharlenkow, HUST, LIC=CZL01-C5AW6-KP4ZY-IR8QC-YLS2W-AJC26
 
Tool Versions:
Toolchain:       MDK-ARM Plus  Version: 5.28.0.0
Toolchain Path:  C:\Keil_v5\ARM\ARMCC\Bin
C Compiler:      Armcc.exe V5.06 update 6 (build 750)
Assembler:       Armasm.exe V5.06 update 6 (build 750)
Linker/Locator:  ArmLink.exe V5.06 update 6 (build 750)
Library Manager: ArmAr.exe V5.06 update 6 (build 750)
Hex Converter:   FromElf.exe V5.06 update 6 (build 750)
CPU DLL:         SARMCM3.DLL V5.28.0.0
Dialog DLL:      DCM.DLL V1.17.3.0
Target DLL:      UL2CM3.DLL V1.162.16.0
Dialog DLL:      TCM.DLL V1.36.2.0
 
<h2>Project:</h2>
D:\Code\Keil\F103\Cristal\Project\Core.uvprojx
Project File Date:  07/22/2020

<h2>Output:</h2>
*** Using Compiler 'V5.06 update 6 (build 750)', folder: 'C:\Keil_v5\ARM\ARMCC\Bin'
Build target 'AMR_CPRO'
compiling stm32f10x_crc.c...
compiling stm32f10x_cec.c...
compiling misc.c...
compiling system_stm32f10x.c...
compiling stm32f10x_bkp.c...
compiling stm32f10x_adc.c...
compiling stm32f10x_can.c...
compiling stm32f10x_dbgmcu.c...
compiling stm32f10x_dac.c...
compiling stm32f10x_exti.c...
compiling stm32f10x_flash.c...
compiling stm32f10x_dma.c...
compiling stm32f10x_fsmc.c...
compiling stm32f10x_gpio.c...
compiling stm32f10x_iwdg.c...
compiling stm32f10x_i2c.c...
compiling stm32f10x_pwr.c...
compiling stm32f10x_rtc.c...
compiling stm32f10x_spi.c...
compiling stm32f10x_sdio.c...
compiling stm32f10x_rcc.c...
compiling stm32f10x_wwdg.c...
compiling Sysclock.c...
..\User\SystemClock\Sysclock.h(8): warning:  #1295-D: Deprecated declaration HSE_System_Clock_Init - give arg types
  void HSE_System_Clock_Init();
..\User\SystemClock\Sysclock.c: 1 warning, 0 errors
compiling stm32f10x_it.c...
..\User\Usart\bsp_usart.h(47): warning:  #1295-D: Deprecated declaration WIFI_USART_CFG - give arg types
  void WIFI_USART_CFG();
..\User\Usart\bsp_usart.h(48): warning:  #1295-D: Deprecated declaration WIFI_NVIC_CFG - give arg types
  void WIFI_NVIC_CFG();
..\User\Usart\bsp_usart.h(50): warning:  #1295-D: Deprecated declaration EXTERN_USART_CFG - give arg types
  void EXTERN_USART_CFG();
..\User\Usart\bsp_usart.h(51): warning:  #1295-D: Deprecated declaration EXTERN_NVIC_CFG - give arg types
  void EXTERN_NVIC_CFG();
..\User\Wifi\Wifi.h(26): warning:  #1295-D: Deprecated declaration Cache_Init_Get - give arg types
  struct Cache_Container Cache_Init_Get();
..\User\Wifi\Wifi.h(31): warning:  #1295-D: Deprecated declaration Wifi_Init - give arg types
  enum Wifi_State Wifi_Init();
..\User\Wifi\Wifi.h(33): warning:  #1295-D: Deprecated declaration Wifi_Delay_A_While - give arg types
  void Wifi_Delay_A_While();      //简单延时函数
..\User\Wifi\Wifi.h(34): warning:  #1295-D: Deprecated declaration Wifi_Client_Connected - give arg types
  bool Wifi_Client_Connected();  //客户端连接判断 
..\User\Wifi\Wifi.h(35): warning:  #1295-D: Deprecated declaration Wifi_Get_Client_IP - give arg types
  void Wifi_Get_Client_IP();		//获取客户端IP地址
..\User\Wifi\Wifi.h(36): warning:  #1295-D: Deprecated declaration Wifi_TCP_Setup - give arg types
  enum Wifi_State Wifi_TCP_Setup();			//建立TCP/IP连接
..\User\stm32f10x_it.c: 10 warnings, 0 errors
compiling main.c...
..\User\SystemClock\Sysclock.h(8): warning:  #1295-D: Deprecated declaration HSE_System_Clock_Init - give arg types
  void HSE_System_Clock_Init();
..\User\Tim_Measure\Tim_Measure.h(6): warning:  #1295-D: Deprecated declaration TIM_NVIC_Init - give arg types
  void TIM_NVIC_Init();		//定时器中断初始化
..\User\Tim_Measure\Tim_Measure.h(7): warning:  #1295-D: Deprecated declaration TIM_GPIO_Init - give arg types
  void TIM_GPIO_Init();		//定时器输入引脚初始化
..\User\Tim_Measure\Tim_Measure.h(8): warning:  #1295-D: Deprecated declaration TIM_Mode_Init - give arg types
  void TIM_Mode_Init();		//定时器初始化
..\User\Tim_Measure\Tim_Measure.h(9): warning:  #1295-D: Deprecated declaration TIM_IC_Mode_Init - give arg types
  void TIM_IC_Mode_Init();	//定时器输入模式初始化
..\User\Tim_Measure\Tim_Measure.h(11): warning:  #1295-D: Deprecated declaration TIM_General_Init - give arg types
  void TIM_General_Init();	//定时器全局初始化
..\User\Usart\bsp_usart.h(47): warning:  #1295-D: Deprecated declaration WIFI_USART_CFG - give arg types
  void WIFI_USART_CFG();
..\User\Usart\bsp_usart.h(48): warning:  #1295-D: Deprecated declaration WIFI_NVIC_CFG - give arg types
  void WIFI_NVIC_CFG();
..\User\Usart\bsp_usart.h(50): warning:  #1295-D: Deprecated declaration EXTERN_USART_CFG - give arg types
  void EXTERN_USART_CFG();
..\User\Usart\bsp_usart.h(51): warning:  #1295-D: Deprecated declaration EXTERN_NVIC_CFG - give arg types
  void EXTERN_NVIC_CFG();
..\User\Wifi\Wifi.h(26): warning:  #1295-D: Deprecated declaration Cache_Init_Get - give arg types
  struct Cache_Container Cache_Init_Get();
..\User\Wifi\Wifi.h(31): warning:  #1295-D: Deprecated declaration Wifi_Init - give arg types
  enum Wifi_State Wifi_Init();
..\User\Wifi\Wifi.h(33): warning:  #1295-D: Deprecated declaration Wifi_Delay_A_While - give arg types
  void Wifi_Delay_A_While();      //简单延时函数
..\User\Wifi\Wifi.h(34): warning:  #1295-D: Deprecated declaration Wifi_Client_Connected - give arg types
  bool Wifi_Client_Connected();  //客户端连接判断 
..\User\Wifi\Wifi.h(35): warning:  #1295-D: Deprecated declaration Wifi_Get_Client_IP - give arg types
  void Wifi_Get_Client_IP();		//获取客户端IP地址
..\User\Wifi\Wifi.h(36): warning:  #1295-D: Deprecated declaration Wifi_TCP_Setup - give arg types
  enum Wifi_State Wifi_TCP_Setup();			//建立TCP/IP连接
..\User\main.c: 16 warnings, 0 errors
compiling Tim_Measure.c...
..\User\Tim_Measure\Tim_Measure.h(6): warning:  #1295-D: Deprecated declaration TIM_NVIC_Init - give arg types
  void TIM_NVIC_Init();		//定时器中断初始化
..\User\Tim_Measure\Tim_Measure.h(7): warning:  #1295-D: Deprecated declaration TIM_GPIO_Init - give arg types
  void TIM_GPIO_Init();		//定时器输入引脚初始化
..\User\Tim_Measure\Tim_Measure.h(8): warning:  #1295-D: Deprecated declaration TIM_Mode_Init - give arg types
  void TIM_Mode_Init();		//定时器初始化
..\User\Tim_Measure\Tim_Measure.h(9): warning:  #1295-D: Deprecated declaration TIM_IC_Mode_Init - give arg types
  void TIM_IC_Mode_Init();	//定时器输入模式初始化
..\User\Tim_Measure\Tim_Measure.h(11): warning:  #1295-D: Deprecated declaration TIM_General_Init - give arg types
  void TIM_General_Init();	//定时器全局初始化
..\User\Tim_Measure\Tim_Measure.c: 5 warnings, 0 errors
compiling stm32f10x_usart.c...
compiling stm32f10x_tim.c...
compiling Wifi.c...
..\User\Usart\bsp_usart.h(47): warning:  #1295-D: Deprecated declaration WIFI_USART_CFG - give arg types
  void WIFI_USART_CFG();
..\User\Usart\bsp_usart.h(48): warning:  #1295-D: Deprecated declaration WIFI_NVIC_CFG - give arg types
  void WIFI_NVIC_CFG();
..\User\Usart\bsp_usart.h(50): warning:  #1295-D: Deprecated declaration EXTERN_USART_CFG - give arg types
  void EXTERN_USART_CFG();
..\User\Usart\bsp_usart.h(51): warning:  #1295-D: Deprecated declaration EXTERN_NVIC_CFG - give arg types
  void EXTERN_NVIC_CFG();
..\User\Wifi\Wifi.h(26): warning:  #1295-D: Deprecated declaration Cache_Init_Get - give arg types
  struct Cache_Container Cache_Init_Get();
..\User\Wifi\Wifi.h(31): warning:  #1295-D: Deprecated declaration Wifi_Init - give arg types
  enum Wifi_State Wifi_Init();
..\User\Wifi\Wifi.h(33): warning:  #1295-D: Deprecated declaration Wifi_Delay_A_While - give arg types
  void Wifi_Delay_A_While();      //简单延时函数
..\User\Wifi\Wifi.h(34): warning:  #1295-D: Deprecated declaration Wifi_Client_Connected - give arg types
  bool Wifi_Client_Connected();  //客户端连接判断 
..\User\Wifi\Wifi.h(35): warning:  #1295-D: Deprecated declaration Wifi_Get_Client_IP - give arg types
  void Wifi_Get_Client_IP();		//获取客户端IP地址
..\User\Wifi\Wifi.h(36): warning:  #1295-D: Deprecated declaration Wifi_TCP_Setup - give arg types
  enum Wifi_State Wifi_TCP_Setup();			//建立TCP/IP连接
..\User\Wifi\Wifi.c(31): warning:  #1166-D: returning pointer to local variable
  	return result;
..\User\Wifi\Wifi.c: 11 warnings, 0 errors
compiling bsp_usart.c...
..\User\Usart\bsp_usart.h(47): warning:  #1295-D: Deprecated declaration WIFI_USART_CFG - give arg types
  void WIFI_USART_CFG();
..\User\Usart\bsp_usart.h(48): warning:  #1295-D: Deprecated declaration WIFI_NVIC_CFG - give arg types
  void WIFI_NVIC_CFG();
..\User\Usart\bsp_usart.h(50): warning:  #1295-D: Deprecated declaration EXTERN_USART_CFG - give arg types
  void EXTERN_USART_CFG();
..\User\Usart\bsp_usart.h(51): warning:  #1295-D: Deprecated declaration EXTERN_NVIC_CFG - give arg types
  void EXTERN_NVIC_CFG();
..\User\Usart\bsp_usart.c: 4 warnings, 0 errors
linking...
Program Size: Code=10770 RO-data=398 RW-data=48 ZI-data=8320  
FromELF: creating hex file...
"..\Output\Core.axf" - 0 Error(s), 47 Warning(s).

<h2>Software Packages used:</h2>

Package Vendor: Keil
                http://www.keil.com/pack/Keil.STM32F1xx_DFP.1.1.0.pack
                Keil.STM32F1xx_DFP.1.1.0
                STMicroelectronics STM32F1 Series Device Support, Drivers and Examples

<h2>Collection of Component include folders:</h2>
  .\RTE\_AMR_CPRO
  C:\Users\Kharlenkow\AppData\Local\Arm\Packs\Keil\STM32F1xx_DFP\1.1.0\Device\Include

<h2>Collection of Component Files used:</h2>
Build Time Elapsed:  00:00:03
</pre>
</body>
</html>
