<html>
<body>
<pre>
<h1>µVision Build Log</h1>
<h2>Tool Versions:</h2>
IDE-Version: ¦ÌVision V5.28.0.0
Copyright (C) 2019 ARM Ltd and ARM Germany GmbH. All rights reserved.
License Information: R Kharlenkow, HUST, LIC=CZL01-C5AW6-KP4ZY-IR8QC-YLS2W-AJC26
 
Tool Versions:
Toolchain:       MDK-ARM Plus  Version: 5.28.0.0
Toolchain Path:  C:\Keil_v5\ARM\ARMCC\Bin
C Compiler:      Armcc.exe V5.06 update 6 (build 750)
Assembler:       Armasm.exe V5.06 update 6 (build 750)
Linker/Locator:  ArmLink.exe V5.06 update 6 (build 750)
Library Manager: ArmAr.exe V5.06 update 6 (build 750)
Hex Converter:   FromElf.exe V5.06 update 6 (build 750)
CPU DLL:         SARMCM3.DLL V5.28.0.0
Dialog DLL:      DCM.DLL V1.17.3.0
Target DLL:      UL2CM3.DLL V1.162.16.0
Dialog DLL:      TCM.DLL V1.36.2.0
 
<h2>Project:</h2>
D:\Code\Keil\F103\Cristal\Project\Core.uvprojx
Project File Date:  07/22/2020

<h2>Output:</h2>
*** Using Compiler 'V5.06 update 6 (build 750)', folder: 'C:\Keil_v5\ARM\ARMCC\Bin'
Build target 'AMR_CPRO'
compiling bsp_usart.c...
..\User\Usart\bsp_usart.h(47): warning:  #1295-D: Deprecated declaration WIFI_USART_CFG - give arg types
  void WIFI_USART_CFG();
..\User\Usart\bsp_usart.h(48): warning:  #1295-D: Deprecated declaration WIFI_NVIC_CFG - give arg types
  void WIFI_NVIC_CFG();
..\User\Usart\bsp_usart.h(50): warning:  #1295-D: Deprecated declaration EXTERN_USART_CFG - give arg types
  void EXTERN_USART_CFG();
..\User\Usart\bsp_usart.h(51): warning:  #1295-D: Deprecated declaration EXTERN_NVIC_CFG - give arg types
  void EXTERN_NVIC_CFG();
..\User\Usart\bsp_usart.c: 4 warnings, 0 errors
linking...
Program Size: Code=10750 RO-data=398 RW-data=48 ZI-data=8320  
FromELF: creating hex file...
"..\Output\Core.axf" - 0 Error(s), 4 Warning(s).

<h2>Software Packages used:</h2>

Package Vendor: Keil
                http://www.keil.com/pack/Keil.STM32F1xx_DFP.1.1.0.pack
                Keil.STM32F1xx_DFP.1.1.0
                STMicroelectronics STM32F1 Series Device Support, Drivers and Examples

<h2>Collection of Component include folders:</h2>
  .\RTE\_AMR_CPRO
  C:\Users\Kharlenkow\AppData\Local\Arm\Packs\Keil\STM32F1xx_DFP\1.1.0\Device\Include

<h2>Collection of Component Files used:</h2>
Build Time Elapsed:  00:00:01
</pre>
</body>
</html>
