Component: ARM Compiler 5.06 update 6 (build 750) Tool: armlink [4d35ed]

==============================================================================

Section Cross References

    startup_stm32f10x_md.o(RESET) refers to startup_stm32f10x_md.o(STACK) for __initial_sp
    startup_stm32f10x_md.o(RESET) refers to startup_stm32f10x_md.o(.text) for Reset_Handler
    startup_stm32f10x_md.o(RESET) refers to stm32f10x_it.o(.text) for NMI_Handler
    startup_stm32f10x_md.o(.text) refers to system_stm32f10x.o(.text) for SystemInit
    startup_stm32f10x_md.o(.text) refers to entry.o(.ARM.Collect$$$$00000000) for __main
    system_stm32f10x.o(.text) refers to system_stm32f10x.o(.data) for SystemCoreClock
    stm32f10x_adc.o(.text) refers to stm32f10x_rcc.o(.text) for RCC_APB2PeriphResetCmd
    stm32f10x_bkp.o(.text) refers to stm32f10x_rcc.o(.text) for RCC_BackupResetCmd
    stm32f10x_can.o(.text) refers to stm32f10x_rcc.o(.text) for RCC_APB1PeriphResetCmd
    stm32f10x_cec.o(.text) refers to stm32f10x_rcc.o(.text) for RCC_APB1PeriphResetCmd
    stm32f10x_dac.o(.text) refers to stm32f10x_rcc.o(.text) for RCC_APB1PeriphResetCmd
    stm32f10x_gpio.o(.text) refers to stm32f10x_rcc.o(.text) for RCC_APB2PeriphResetCmd
    stm32f10x_i2c.o(.text) refers to stm32f10x_rcc.o(.text) for RCC_APB1PeriphResetCmd
    stm32f10x_pwr.o(.text) refers to stm32f10x_rcc.o(.text) for RCC_APB1PeriphResetCmd
    stm32f10x_rcc.o(.text) refers to stm32f10x_rcc.o(.data) for APBAHBPrescTable
    stm32f10x_spi.o(.text) refers to stm32f10x_rcc.o(.text) for RCC_APB2PeriphResetCmd
    stm32f10x_tim.o(.text) refers to stm32f10x_rcc.o(.text) for RCC_APB2PeriphResetCmd
    stm32f10x_usart.o(.text) refers to stm32f10x_rcc.o(.text) for RCC_APB2PeriphResetCmd
    stm32f10x_wwdg.o(.text) refers to stm32f10x_rcc.o(.text) for RCC_APB1PeriphResetCmd
    stm32f10x_it.o(.text) refers to stm32f10x_tim.o(.text) for TIM_GetITStatus
    stm32f10x_it.o(.text) refers to stm32f10x_usart.o(.text) for USART_GetITStatus
    stm32f10x_it.o(.text) refers to wifi.o(.text) for Cache_Add
    stm32f10x_it.o(.text) refers to stm32f10x_it.o(.data) for measure_mode
    stm32f10x_it.o(.text) refers to stm32f10x_it.o(.bss) for Wifi_Cache
    main.o(.text) refers to stm32f10x_rcc.o(.text) for RCC_APB2PeriphClockCmd
    main.o(.text) refers to stm32f10x_gpio.o(.text) for GPIO_Init
    main.o(.text) refers to sysclock.o(.text) for HSE_System_Clock_Init
    main.o(.text) refers to wifi.o(.text) for Cache_Init_Get
    main.o(.text) refers to memcpya.o(.text) for __aeabi_memcpy4
    main.o(.text) refers to tim_measure.o(.text) for TIM_General_Init
    main.o(.text) refers to stm32f10x_tim.o(.text) for TIM_Cmd
    main.o(.text) refers to stm32f10x_it.o(.bss) for Wifi_Cache
    main.o(.text) refers to stm32f10x_it.o(.data) for measure_mode
    sysclock.o(.text) refers to stm32f10x_rcc.o(.text) for RCC_DeInit
    sysclock.o(.text) refers to stm32f10x_flash.o(.text) for FLASH_PrefetchBufferCmd
    tim_measure.o(.text) refers to misc.o(.text) for NVIC_Init
    tim_measure.o(.text) refers to stm32f10x_rcc.o(.text) for RCC_APB2PeriphClockCmd
    tim_measure.o(.text) refers to stm32f10x_gpio.o(.text) for GPIO_Init
    tim_measure.o(.text) refers to stm32f10x_tim.o(.text) for TIM_TimeBaseInit
    wifi.o(.text) refers to strcpy.o(.text) for strcpy
    wifi.o(.text) refers to strcat.o(.text) for strcat
    wifi.o(.text) refers to memcpya.o(.text) for __aeabi_memcpy4
    wifi.o(.text) refers to bsp_usart.o(.text) for Usart_SendUint32
    wifi.o(.text) refers to stm32f10x_it.o(.bss) for Wifi_Cache
    wifi.o(.text) refers to wifi.o(.constdata) for WIFI_CMD_DIRECT_CONNECTION_END
    wifi.o(.text) refers to wifi.o(.bss) for Client_IP_Address
    bsp_usart.o(.text) refers to misc.o(.text) for NVIC_PriorityGroupConfig
    bsp_usart.o(.text) refers to stm32f10x_rcc.o(.text) for RCC_APB2PeriphClockCmd
    bsp_usart.o(.text) refers to stm32f10x_gpio.o(.text) for GPIO_Init
    bsp_usart.o(.text) refers to stm32f10x_usart.o(.text) for USART_Init
    entry.o(.ARM.Collect$$$$00000000) refers (Special) to entry10a.o(.ARM.Collect$$$$0000000D) for __rt_final_cpp
    entry.o(.ARM.Collect$$$$00000000) refers (Special) to entry11a.o(.ARM.Collect$$$$0000000F) for __rt_final_exit
    entry.o(.ARM.Collect$$$$00000000) refers (Special) to entry7b.o(.ARM.Collect$$$$00000008) for _main_clock
    entry.o(.ARM.Collect$$$$00000000) refers (Special) to entry8b.o(.ARM.Collect$$$$0000000A) for _main_cpp_init
    entry.o(.ARM.Collect$$$$00000000) refers (Special) to entry9a.o(.ARM.Collect$$$$0000000B) for _main_init
    entry.o(.ARM.Collect$$$$00000000) refers (Special) to entry5.o(.ARM.Collect$$$$00000004) for _main_scatterload
    entry.o(.ARM.Collect$$$$00000000) refers (Special) to entry2.o(.ARM.Collect$$$$00000001) for _main_stk
    entry2.o(.ARM.Collect$$$$00000001) refers to entry2.o(.ARM.Collect$$$$00002712) for __lit__00000000
    entry2.o(.ARM.Collect$$$$00002712) refers to startup_stm32f10x_md.o(STACK) for __initial_sp
    entry2.o(__vectab_stack_and_reset_area) refers to startup_stm32f10x_md.o(STACK) for __initial_sp
    entry2.o(__vectab_stack_and_reset_area) refers to entry.o(.ARM.Collect$$$$00000000) for __main
    entry5.o(.ARM.Collect$$$$00000004) refers to init.o(.text) for __scatterload
    entry9a.o(.ARM.Collect$$$$0000000B) refers to main.o(.text) for main
    entry9b.o(.ARM.Collect$$$$0000000C) refers to main.o(.text) for main
    init.o(.text) refers to entry5.o(.ARM.Collect$$$$00000004) for __main_after_scatterload


==============================================================================

Removing Unused input sections from the image.

    Removing startup_stm32f10x_md.o(HEAP), (4096 bytes).
    Removing core_cm3.o(.emb_text), (32 bytes).
    Removing stm32f10x_adc.o(.text), (1102 bytes).
    Removing stm32f10x_bkp.o(.text), (196 bytes).
    Removing stm32f10x_can.o(.text), (2544 bytes).
    Removing stm32f10x_cec.o(.text), (288 bytes).
    Removing stm32f10x_crc.o(.text), (72 bytes).
    Removing stm32f10x_dac.o(.text), (396 bytes).
    Removing stm32f10x_dbgmcu.o(.text), (48 bytes).
    Removing stm32f10x_dma.o(.text), (596 bytes).
    Removing stm32f10x_exti.o(.text), (284 bytes).
    Removing stm32f10x_fsmc.o(.text), (1548 bytes).
    Removing stm32f10x_i2c.o(.text), (1028 bytes).
    Removing stm32f10x_iwdg.o(.text), (64 bytes).
    Removing stm32f10x_pwr.o(.text), (204 bytes).
    Removing stm32f10x_rtc.o(.text), (328 bytes).
    Removing stm32f10x_sdio.o(.text), (468 bytes).
    Removing stm32f10x_spi.o(.text), (780 bytes).
    Removing stm32f10x_wwdg.o(.text), (136 bytes).

19 unused section(s) (total 14210 bytes) removed from the image.

==============================================================================

Image Symbol Table

    Local Symbols

    Symbol Name                              Value     Ov Type        Size  Object(Section)

    ../clib/microlib/init/entry.s            0x00000000   Number         0  entry7b.o ABSOLUTE
    ../clib/microlib/init/entry.s            0x00000000   Number         0  entry8a.o ABSOLUTE
    ../clib/microlib/init/entry.s            0x00000000   Number         0  entry2.o ABSOLUTE
    ../clib/microlib/init/entry.s            0x00000000   Number         0  entry.o ABSOLUTE
    ../clib/microlib/init/entry.s            0x00000000   Number         0  entry10a.o ABSOLUTE
    ../clib/microlib/init/entry.s            0x00000000   Number         0  entry8b.o ABSOLUTE
    ../clib/microlib/init/entry.s            0x00000000   Number         0  entry9a.o ABSOLUTE
    ../clib/microlib/init/entry.s            0x00000000   Number         0  entry10b.o ABSOLUTE
    ../clib/microlib/init/entry.s            0x00000000   Number         0  entry7a.o ABSOLUTE
    ../clib/microlib/init/entry.s            0x00000000   Number         0  entry11a.o ABSOLUTE
    ../clib/microlib/init/entry.s            0x00000000   Number         0  entry5.o ABSOLUTE
    ../clib/microlib/init/entry.s            0x00000000   Number         0  entry11b.o ABSOLUTE
    ../clib/microlib/init/entry.s            0x00000000   Number         0  entry9b.o ABSOLUTE
    ../clib/microlib/string/memcpy.c         0x00000000   Number         0  memcpya.o ABSOLUTE
    ../clib/microlib/string/memcpy.c         0x00000000   Number         0  memcpyb.o ABSOLUTE
    ../clib/microlib/string/strcat.c         0x00000000   Number         0  strcat.o ABSOLUTE
    ../clib/microlib/string/strcpy.c         0x00000000   Number         0  strcpy.o ABSOLUTE
    ..\Libraries\CMSIS\core_cm3.c            0x00000000   Number         0  core_cm3.o ABSOLUTE
    ..\Libraries\CMSIS\startup\startup_stm32f10x_md.s 0x00000000   Number         0  startup_stm32f10x_md.o ABSOLUTE
    ..\Libraries\CMSIS\system_stm32f10x.c    0x00000000   Number         0  system_stm32f10x.o ABSOLUTE
    ..\Libraries\FWlib\src\misc.c            0x00000000   Number         0  misc.o ABSOLUTE
    ..\Libraries\FWlib\src\stm32f10x_adc.c   0x00000000   Number         0  stm32f10x_adc.o ABSOLUTE
    ..\Libraries\FWlib\src\stm32f10x_bkp.c   0x00000000   Number         0  stm32f10x_bkp.o ABSOLUTE
    ..\Libraries\FWlib\src\stm32f10x_can.c   0x00000000   Number         0  stm32f10x_can.o ABSOLUTE
    ..\Libraries\FWlib\src\stm32f10x_cec.c   0x00000000   Number         0  stm32f10x_cec.o ABSOLUTE
    ..\Libraries\FWlib\src\stm32f10x_crc.c   0x00000000   Number         0  stm32f10x_crc.o ABSOLUTE
    ..\Libraries\FWlib\src\stm32f10x_dac.c   0x00000000   Number         0  stm32f10x_dac.o ABSOLUTE
    ..\Libraries\FWlib\src\stm32f10x_dbgmcu.c 0x00000000   Number         0  stm32f10x_dbgmcu.o ABSOLUTE
    ..\Libraries\FWlib\src\stm32f10x_dma.c   0x00000000   Number         0  stm32f10x_dma.o ABSOLUTE
    ..\Libraries\FWlib\src\stm32f10x_exti.c  0x00000000   Number         0  stm32f10x_exti.o ABSOLUTE
    ..\Libraries\FWlib\src\stm32f10x_flash.c 0x00000000   Number         0  stm32f10x_flash.o ABSOLUTE
    ..\Libraries\FWlib\src\stm32f10x_fsmc.c  0x00000000   Number         0  stm32f10x_fsmc.o ABSOLUTE
    ..\Libraries\FWlib\src\stm32f10x_gpio.c  0x00000000   Number         0  stm32f10x_gpio.o ABSOLUTE
    ..\Libraries\FWlib\src\stm32f10x_i2c.c   0x00000000   Number         0  stm32f10x_i2c.o ABSOLUTE
    ..\Libraries\FWlib\src\stm32f10x_iwdg.c  0x00000000   Number         0  stm32f10x_iwdg.o ABSOLUTE
    ..\Libraries\FWlib\src\stm32f10x_pwr.c   0x00000000   Number         0  stm32f10x_pwr.o ABSOLUTE
    ..\Libraries\FWlib\src\stm32f10x_rcc.c   0x00000000   Number         0  stm32f10x_rcc.o ABSOLUTE
    ..\Libraries\FWlib\src\stm32f10x_rtc.c   0x00000000   Number         0  stm32f10x_rtc.o ABSOLUTE
    ..\Libraries\FWlib\src\stm32f10x_sdio.c  0x00000000   Number         0  stm32f10x_sdio.o ABSOLUTE
    ..\Libraries\FWlib\src\stm32f10x_spi.c   0x00000000   Number         0  stm32f10x_spi.o ABSOLUTE
    ..\Libraries\FWlib\src\stm32f10x_tim.c   0x00000000   Number         0  stm32f10x_tim.o ABSOLUTE
    ..\Libraries\FWlib\src\stm32f10x_usart.c 0x00000000   Number         0  stm32f10x_usart.o ABSOLUTE
    ..\Libraries\FWlib\src\stm32f10x_wwdg.c  0x00000000   Number         0  stm32f10x_wwdg.o ABSOLUTE
    ..\User\SystemClock\Sysclock.c           0x00000000   Number         0  sysclock.o ABSOLUTE
    ..\User\Tim_Measure\Tim_Measure.c        0x00000000   Number         0  tim_measure.o ABSOLUTE
    ..\User\Usart\bsp_usart.c                0x00000000   Number         0  bsp_usart.o ABSOLUTE
    ..\User\Wifi\Wifi.c                      0x00000000   Number         0  wifi.o ABSOLUTE
    ..\User\main.c                           0x00000000   Number         0  main.o ABSOLUTE
    ..\User\stm32f10x_it.c                   0x00000000   Number         0  stm32f10x_it.o ABSOLUTE
    ..\\Libraries\\CMSIS\\core_cm3.c         0x00000000   Number         0  core_cm3.o ABSOLUTE
    dc.s                                     0x00000000   Number         0  dc.o ABSOLUTE
    handlers.s                               0x00000000   Number         0  handlers.o ABSOLUTE
    init.s                                   0x00000000   Number         0  init.o ABSOLUTE
    RESET                                    0x08000000   Section      236  startup_stm32f10x_md.o(RESET)
    .ARM.Collect$$$$00000000                 0x080000ec   Section        0  entry.o(.ARM.Collect$$$$00000000)
    .ARM.Collect$$$$00000001                 0x080000ec   Section        4  entry2.o(.ARM.Collect$$$$00000001)
    .ARM.Collect$$$$00000004                 0x080000f0   Section        4  entry5.o(.ARM.Collect$$$$00000004)
    .ARM.Collect$$$$00000008                 0x080000f4   Section        0  entry7b.o(.ARM.Collect$$$$00000008)
    .ARM.Collect$$$$0000000A                 0x080000f4   Section        0  entry8b.o(.ARM.Collect$$$$0000000A)
    .ARM.Collect$$$$0000000B                 0x080000f4   Section        8  entry9a.o(.ARM.Collect$$$$0000000B)
    .ARM.Collect$$$$0000000D                 0x080000fc   Section        0  entry10a.o(.ARM.Collect$$$$0000000D)
    .ARM.Collect$$$$0000000F                 0x080000fc   Section        0  entry11a.o(.ARM.Collect$$$$0000000F)
    .ARM.Collect$$$$00002712                 0x080000fc   Section        4  entry2.o(.ARM.Collect$$$$00002712)
    __lit__00000000                          0x080000fc   Data           4  entry2.o(.ARM.Collect$$$$00002712)
    .text                                    0x08000100   Section       36  startup_stm32f10x_md.o(.text)
    .text                                    0x08000124   Section        0  system_stm32f10x.o(.text)
    SetSysClockTo72                          0x08000125   Thumb Code   214  system_stm32f10x.o(.text)
    SetSysClock                              0x080001fb   Thumb Code     8  system_stm32f10x.o(.text)
    .text                                    0x08000304   Section        0  misc.o(.text)
    .text                                    0x080003e0   Section        0  stm32f10x_flash.o(.text)
    .text                                    0x0800099c   Section        0  stm32f10x_gpio.o(.text)
    .text                                    0x08000cf8   Section        0  stm32f10x_rcc.o(.text)
    .text                                    0x0800109c   Section        0  stm32f10x_tim.o(.text)
    TI4_Config                               0x08001543   Thumb Code   130  stm32f10x_tim.o(.text)
    TI3_Config                               0x080015d7   Thumb Code   122  stm32f10x_tim.o(.text)
    TI2_Config                               0x0800166b   Thumb Code   130  stm32f10x_tim.o(.text)
    TI1_Config                               0x080016ff   Thumb Code   108  stm32f10x_tim.o(.text)
    .text                                    0x08001eb8   Section        0  stm32f10x_usart.o(.text)
    .text                                    0x080022c0   Section        0  stm32f10x_it.o(.text)
    .text                                    0x08002348   Section        0  main.o(.text)
    .text                                    0x0800240c   Section        0  sysclock.o(.text)
    .text                                    0x08002478   Section        0  tim_measure.o(.text)
    .text                                    0x0800254c   Section        0  wifi.o(.text)
    .text                                    0x08002840   Section        0  bsp_usart.o(.text)
    .text                                    0x08002a58   Section        0  memcpya.o(.text)
    .text                                    0x08002a7c   Section        0  strcat.o(.text)
    .text                                    0x08002a94   Section        0  strcpy.o(.text)
    .text                                    0x08002aa8   Section       36  init.o(.text)
    i.__scatterload_copy                     0x08002acc   Section       14  handlers.o(i.__scatterload_copy)
    i.__scatterload_null                     0x08002ada   Section        2  handlers.o(i.__scatterload_null)
    i.__scatterload_zeroinit                 0x08002adc   Section       14  handlers.o(i.__scatterload_zeroinit)
    .constdata                               0x08002aea   Section      127  wifi.o(.constdata)
    .data                                    0x20000000   Section       20  system_stm32f10x.o(.data)
    .data                                    0x20000014   Section       20  stm32f10x_rcc.o(.data)
    APBAHBPrescTable                         0x20000014   Data          16  stm32f10x_rcc.o(.data)
    ADCPrescTable                            0x20000024   Data           4  stm32f10x_rcc.o(.data)
    .data                                    0x20000028   Section        8  stm32f10x_it.o(.data)
    .bss                                     0x20000030   Section      104  stm32f10x_it.o(.bss)
    .bss                                     0x20000098   Section       20  wifi.o(.bss)
    STACK                                    0x200000b0   Section     8192  startup_stm32f10x_md.o(STACK)

    Global Symbols

    Symbol Name                              Value     Ov Type        Size  Object(Section)

    BuildAttributes$$THM_ISAv4$P$D$K$B$S$PE$A:L22UL41UL21$X:L11$S22US41US21$IEEE1$IW$USESV6$~STKCKD$USESV7$~SHL$OSPACE$EBA8$MICROLIB$REQ8$PRES8$EABIv2 0x00000000   Number         0  anon$$obj.o ABSOLUTE
    __ARM_use_no_argv                        0x00000000   Number         0  main.o ABSOLUTE
    __cpp_initialize__aeabi_                  - Undefined Weak Reference
    __cxa_finalize                            - Undefined Weak Reference
    __decompress                              - Undefined Weak Reference
    _clock_init                               - Undefined Weak Reference
    _microlib_exit                            - Undefined Weak Reference
    __Vectors_Size                           0x000000ec   Number         0  startup_stm32f10x_md.o ABSOLUTE
    __Vectors                                0x08000000   Data           4  startup_stm32f10x_md.o(RESET)
    __Vectors_End                            0x080000ec   Data           0  startup_stm32f10x_md.o(RESET)
    __main                                   0x080000ed   Thumb Code     0  entry.o(.ARM.Collect$$$$00000000)
    _main_stk                                0x080000ed   Thumb Code     0  entry2.o(.ARM.Collect$$$$00000001)
    _main_scatterload                        0x080000f1   Thumb Code     0  entry5.o(.ARM.Collect$$$$00000004)
    __main_after_scatterload                 0x080000f5   Thumb Code     0  entry5.o(.ARM.Collect$$$$00000004)
    _main_clock                              0x080000f5   Thumb Code     0  entry7b.o(.ARM.Collect$$$$00000008)
    _main_cpp_init                           0x080000f5   Thumb Code     0  entry8b.o(.ARM.Collect$$$$0000000A)
    _main_init                               0x080000f5   Thumb Code     0  entry9a.o(.ARM.Collect$$$$0000000B)
    __rt_final_cpp                           0x080000fd   Thumb Code     0  entry10a.o(.ARM.Collect$$$$0000000D)
    __rt_final_exit                          0x080000fd   Thumb Code     0  entry11a.o(.ARM.Collect$$$$0000000F)
    Reset_Handler                            0x08000101   Thumb Code     8  startup_stm32f10x_md.o(.text)
    ADC1_2_IRQHandler                        0x0800011b   Thumb Code     0  startup_stm32f10x_md.o(.text)
    CAN1_RX1_IRQHandler                      0x0800011b   Thumb Code     0  startup_stm32f10x_md.o(.text)
    CAN1_SCE_IRQHandler                      0x0800011b   Thumb Code     0  startup_stm32f10x_md.o(.text)
    DMA1_Channel1_IRQHandler                 0x0800011b   Thumb Code     0  startup_stm32f10x_md.o(.text)
    DMA1_Channel2_IRQHandler                 0x0800011b   Thumb Code     0  startup_stm32f10x_md.o(.text)
    DMA1_Channel3_IRQHandler                 0x0800011b   Thumb Code     0  startup_stm32f10x_md.o(.text)
    DMA1_Channel4_IRQHandler                 0x0800011b   Thumb Code     0  startup_stm32f10x_md.o(.text)
    DMA1_Channel5_IRQHandler                 0x0800011b   Thumb Code     0  startup_stm32f10x_md.o(.text)
    DMA1_Channel6_IRQHandler                 0x0800011b   Thumb Code     0  startup_stm32f10x_md.o(.text)
    DMA1_Channel7_IRQHandler                 0x0800011b   Thumb Code     0  startup_stm32f10x_md.o(.text)
    EXTI0_IRQHandler                         0x0800011b   Thumb Code     0  startup_stm32f10x_md.o(.text)
    EXTI15_10_IRQHandler                     0x0800011b   Thumb Code     0  startup_stm32f10x_md.o(.text)
    EXTI1_IRQHandler                         0x0800011b   Thumb Code     0  startup_stm32f10x_md.o(.text)
    EXTI2_IRQHandler                         0x0800011b   Thumb Code     0  startup_stm32f10x_md.o(.text)
    EXTI3_IRQHandler                         0x0800011b   Thumb Code     0  startup_stm32f10x_md.o(.text)
    EXTI4_IRQHandler                         0x0800011b   Thumb Code     0  startup_stm32f10x_md.o(.text)
    EXTI9_5_IRQHandler                       0x0800011b   Thumb Code     0  startup_stm32f10x_md.o(.text)
    FLASH_IRQHandler                         0x0800011b   Thumb Code     0  startup_stm32f10x_md.o(.text)
    I2C1_ER_IRQHandler                       0x0800011b   Thumb Code     0  startup_stm32f10x_md.o(.text)
    I2C1_EV_IRQHandler                       0x0800011b   Thumb Code     0  startup_stm32f10x_md.o(.text)
    I2C2_ER_IRQHandler                       0x0800011b   Thumb Code     0  startup_stm32f10x_md.o(.text)
    I2C2_EV_IRQHandler                       0x0800011b   Thumb Code     0  startup_stm32f10x_md.o(.text)
    PVD_IRQHandler                           0x0800011b   Thumb Code     0  startup_stm32f10x_md.o(.text)
    RCC_IRQHandler                           0x0800011b   Thumb Code     0  startup_stm32f10x_md.o(.text)
    RTCAlarm_IRQHandler                      0x0800011b   Thumb Code     0  startup_stm32f10x_md.o(.text)
    RTC_IRQHandler                           0x0800011b   Thumb Code     0  startup_stm32f10x_md.o(.text)
    SPI1_IRQHandler                          0x0800011b   Thumb Code     0  startup_stm32f10x_md.o(.text)
    SPI2_IRQHandler                          0x0800011b   Thumb Code     0  startup_stm32f10x_md.o(.text)
    TAMPER_IRQHandler                        0x0800011b   Thumb Code     0  startup_stm32f10x_md.o(.text)
    TIM1_BRK_IRQHandler                      0x0800011b   Thumb Code     0  startup_stm32f10x_md.o(.text)
    TIM1_CC_IRQHandler                       0x0800011b   Thumb Code     0  startup_stm32f10x_md.o(.text)
    TIM1_TRG_COM_IRQHandler                  0x0800011b   Thumb Code     0  startup_stm32f10x_md.o(.text)
    TIM1_UP_IRQHandler                       0x0800011b   Thumb Code     0  startup_stm32f10x_md.o(.text)
    TIM3_IRQHandler                          0x0800011b   Thumb Code     0  startup_stm32f10x_md.o(.text)
    TIM4_IRQHandler                          0x0800011b   Thumb Code     0  startup_stm32f10x_md.o(.text)
    USART2_IRQHandler                        0x0800011b   Thumb Code     0  startup_stm32f10x_md.o(.text)
    USART3_IRQHandler                        0x0800011b   Thumb Code     0  startup_stm32f10x_md.o(.text)
    USBWakeUp_IRQHandler                     0x0800011b   Thumb Code     0  startup_stm32f10x_md.o(.text)
    USB_HP_CAN1_TX_IRQHandler                0x0800011b   Thumb Code     0  startup_stm32f10x_md.o(.text)
    USB_LP_CAN1_RX0_IRQHandler               0x0800011b   Thumb Code     0  startup_stm32f10x_md.o(.text)
    WWDG_IRQHandler                          0x0800011b   Thumb Code     0  startup_stm32f10x_md.o(.text)
    SystemInit                               0x08000203   Thumb Code    78  system_stm32f10x.o(.text)
    SystemCoreClockUpdate                    0x08000251   Thumb Code   142  system_stm32f10x.o(.text)
    NVIC_PriorityGroupConfig                 0x08000305   Thumb Code    10  misc.o(.text)
    NVIC_Init                                0x0800030f   Thumb Code   100  misc.o(.text)
    NVIC_SetVectorTable                      0x08000373   Thumb Code    14  misc.o(.text)
    NVIC_SystemLPConfig                      0x08000381   Thumb Code    34  misc.o(.text)
    SysTick_CLKSourceConfig                  0x080003a3   Thumb Code    40  misc.o(.text)
    FLASH_SetLatency                         0x080003e1   Thumb Code    18  stm32f10x_flash.o(.text)
    FLASH_HalfCycleAccessCmd                 0x080003f3   Thumb Code    22  stm32f10x_flash.o(.text)
    FLASH_PrefetchBufferCmd                  0x08000409   Thumb Code    22  stm32f10x_flash.o(.text)
    FLASH_Unlock                             0x0800041f   Thumb Code    12  stm32f10x_flash.o(.text)
    FLASH_UnlockBank1                        0x0800042b   Thumb Code    12  stm32f10x_flash.o(.text)
    FLASH_Lock                               0x08000437   Thumb Code    14  stm32f10x_flash.o(.text)
    FLASH_LockBank1                          0x08000445   Thumb Code    14  stm32f10x_flash.o(.text)
    FLASH_GetBank1Status                     0x08000453   Thumb Code    48  stm32f10x_flash.o(.text)
    FLASH_WaitForLastOperation               0x08000483   Thumb Code    38  stm32f10x_flash.o(.text)
    FLASH_ErasePage                          0x080004a9   Thumb Code    72  stm32f10x_flash.o(.text)
    FLASH_EraseAllPages                      0x080004f1   Thumb Code    68  stm32f10x_flash.o(.text)
    FLASH_WaitForLastBank1Operation          0x08000535   Thumb Code    38  stm32f10x_flash.o(.text)
    FLASH_EraseAllBank1Pages                 0x0800055b   Thumb Code    68  stm32f10x_flash.o(.text)
    FLASH_GetReadOutProtectionStatus         0x0800059f   Thumb Code    20  stm32f10x_flash.o(.text)
    FLASH_EraseOptionBytes                   0x080005b3   Thumb Code   150  stm32f10x_flash.o(.text)
    FLASH_ProgramWord                        0x08000649   Thumb Code   102  stm32f10x_flash.o(.text)
    FLASH_ProgramHalfWord                    0x080006af   Thumb Code    60  stm32f10x_flash.o(.text)
    FLASH_ProgramOptionByteData              0x080006eb   Thumb Code    72  stm32f10x_flash.o(.text)
    FLASH_EnableWriteProtection              0x08000733   Thumb Code   200  stm32f10x_flash.o(.text)
    FLASH_ReadOutProtection                  0x080007fb   Thumb Code   156  stm32f10x_flash.o(.text)
    FLASH_UserOptionByteConfig               0x08000897   Thumb Code    88  stm32f10x_flash.o(.text)
    FLASH_GetUserOptionByte                  0x080008ef   Thumb Code     8  stm32f10x_flash.o(.text)
    FLASH_GetWriteProtectionOptionByte       0x080008f7   Thumb Code     6  stm32f10x_flash.o(.text)
    FLASH_GetPrefetchBufferStatus            0x080008fd   Thumb Code    20  stm32f10x_flash.o(.text)
    FLASH_ITConfig                           0x08000911   Thumb Code    26  stm32f10x_flash.o(.text)
    FLASH_GetFlagStatus                      0x0800092b   Thumb Code    42  stm32f10x_flash.o(.text)
    FLASH_ClearFlag                          0x08000955   Thumb Code     6  stm32f10x_flash.o(.text)
    FLASH_GetStatus                          0x0800095b   Thumb Code    48  stm32f10x_flash.o(.text)
    GPIO_DeInit                              0x0800099d   Thumb Code   172  stm32f10x_gpio.o(.text)
    GPIO_AFIODeInit                          0x08000a49   Thumb Code    20  stm32f10x_gpio.o(.text)
    GPIO_Init                                0x08000a5d   Thumb Code   278  stm32f10x_gpio.o(.text)
    GPIO_StructInit                          0x08000b73   Thumb Code    16  stm32f10x_gpio.o(.text)
    GPIO_ReadInputDataBit                    0x08000b83   Thumb Code    18  stm32f10x_gpio.o(.text)
    GPIO_ReadInputData                       0x08000b95   Thumb Code     8  stm32f10x_gpio.o(.text)
    GPIO_ReadOutputDataBit                   0x08000b9d   Thumb Code    18  stm32f10x_gpio.o(.text)
    GPIO_ReadOutputData                      0x08000baf   Thumb Code     8  stm32f10x_gpio.o(.text)
    GPIO_SetBits                             0x08000bb7   Thumb Code     4  stm32f10x_gpio.o(.text)
    GPIO_ResetBits                           0x08000bbb   Thumb Code     4  stm32f10x_gpio.o(.text)
    GPIO_WriteBit                            0x08000bbf   Thumb Code    10  stm32f10x_gpio.o(.text)
    GPIO_Write                               0x08000bc9   Thumb Code     4  stm32f10x_gpio.o(.text)
    GPIO_PinLockConfig                       0x08000bcd   Thumb Code    18  stm32f10x_gpio.o(.text)
    GPIO_EventOutputConfig                   0x08000bdf   Thumb Code    26  stm32f10x_gpio.o(.text)
    GPIO_EventOutputCmd                      0x08000bf9   Thumb Code     6  stm32f10x_gpio.o(.text)
    GPIO_PinRemapConfig                      0x08000bff   Thumb Code   138  stm32f10x_gpio.o(.text)
    GPIO_EXTILineConfig                      0x08000c89   Thumb Code    66  stm32f10x_gpio.o(.text)
    GPIO_ETH_MediaInterfaceConfig            0x08000ccb   Thumb Code     8  stm32f10x_gpio.o(.text)
    RCC_DeInit                               0x08000cf9   Thumb Code    64  stm32f10x_rcc.o(.text)
    RCC_HSEConfig                            0x08000d39   Thumb Code    70  stm32f10x_rcc.o(.text)
    RCC_GetFlagStatus                        0x08000d7f   Thumb Code    56  stm32f10x_rcc.o(.text)
    RCC_WaitForHSEStartUp                    0x08000db7   Thumb Code    56  stm32f10x_rcc.o(.text)
    RCC_AdjustHSICalibrationValue            0x08000def   Thumb Code    20  stm32f10x_rcc.o(.text)
    RCC_HSICmd                               0x08000e03   Thumb Code     6  stm32f10x_rcc.o(.text)
    RCC_PLLConfig                            0x08000e09   Thumb Code    24  stm32f10x_rcc.o(.text)
    RCC_PLLCmd                               0x08000e21   Thumb Code     6  stm32f10x_rcc.o(.text)
    RCC_SYSCLKConfig                         0x08000e27   Thumb Code    18  stm32f10x_rcc.o(.text)
    RCC_GetSYSCLKSource                      0x08000e39   Thumb Code    10  stm32f10x_rcc.o(.text)
    RCC_HCLKConfig                           0x08000e43   Thumb Code    18  stm32f10x_rcc.o(.text)
    RCC_PCLK1Config                          0x08000e55   Thumb Code    18  stm32f10x_rcc.o(.text)
    RCC_PCLK2Config                          0x08000e67   Thumb Code    20  stm32f10x_rcc.o(.text)
    RCC_ITConfig                             0x08000e7b   Thumb Code    26  stm32f10x_rcc.o(.text)
    RCC_USBCLKConfig                         0x08000e95   Thumb Code     8  stm32f10x_rcc.o(.text)
    RCC_ADCCLKConfig                         0x08000e9d   Thumb Code    18  stm32f10x_rcc.o(.text)
    RCC_LSEConfig                            0x08000eaf   Thumb Code    50  stm32f10x_rcc.o(.text)
    RCC_LSICmd                               0x08000ee1   Thumb Code     6  stm32f10x_rcc.o(.text)
    RCC_RTCCLKConfig                         0x08000ee7   Thumb Code    12  stm32f10x_rcc.o(.text)
    RCC_RTCCLKCmd                            0x08000ef3   Thumb Code     8  stm32f10x_rcc.o(.text)
    RCC_GetClocksFreq                        0x08000efb   Thumb Code   192  stm32f10x_rcc.o(.text)
    RCC_AHBPeriphClockCmd                    0x08000fbb   Thumb Code    26  stm32f10x_rcc.o(.text)
    RCC_APB2PeriphClockCmd                   0x08000fd5   Thumb Code    26  stm32f10x_rcc.o(.text)
    RCC_APB1PeriphClockCmd                   0x08000fef   Thumb Code    26  stm32f10x_rcc.o(.text)
    RCC_APB2PeriphResetCmd                   0x08001009   Thumb Code    26  stm32f10x_rcc.o(.text)
    RCC_APB1PeriphResetCmd                   0x08001023   Thumb Code    26  stm32f10x_rcc.o(.text)
    RCC_BackupResetCmd                       0x0800103d   Thumb Code     8  stm32f10x_rcc.o(.text)
    RCC_ClockSecuritySystemCmd               0x08001045   Thumb Code     6  stm32f10x_rcc.o(.text)
    RCC_MCOConfig                            0x0800104b   Thumb Code     6  stm32f10x_rcc.o(.text)
    RCC_ClearFlag                            0x08001051   Thumb Code    14  stm32f10x_rcc.o(.text)
    RCC_GetITStatus                          0x0800105f   Thumb Code    20  stm32f10x_rcc.o(.text)
    RCC_ClearITPendingBit                    0x08001073   Thumb Code     6  stm32f10x_rcc.o(.text)
    TIM_DeInit                               0x0800109d   Thumb Code   424  stm32f10x_tim.o(.text)
    TIM_TimeBaseInit                         0x08001245   Thumb Code   122  stm32f10x_tim.o(.text)
    TIM_OC1Init                              0x080012bf   Thumb Code   132  stm32f10x_tim.o(.text)
    TIM_OC2Init                              0x08001343   Thumb Code   154  stm32f10x_tim.o(.text)
    TIM_OC3Init                              0x080013dd   Thumb Code   150  stm32f10x_tim.o(.text)
    TIM_OC4Init                              0x08001473   Thumb Code   182  stm32f10x_tim.o(.text)
    TIM_SetIC4Prescaler                      0x08001529   Thumb Code    26  stm32f10x_tim.o(.text)
    TIM_SetIC3Prescaler                      0x080015c5   Thumb Code    18  stm32f10x_tim.o(.text)
    TIM_SetIC2Prescaler                      0x08001651   Thumb Code    26  stm32f10x_tim.o(.text)
    TIM_SetIC1Prescaler                      0x080016ed   Thumb Code    18  stm32f10x_tim.o(.text)
    TIM_ICInit                               0x0800176b   Thumb Code   150  stm32f10x_tim.o(.text)
    TIM_PWMIConfig                           0x08001801   Thumb Code   124  stm32f10x_tim.o(.text)
    TIM_BDTRConfig                           0x0800187d   Thumb Code    32  stm32f10x_tim.o(.text)
    TIM_TimeBaseStructInit                   0x0800189d   Thumb Code    18  stm32f10x_tim.o(.text)
    TIM_OCStructInit                         0x080018af   Thumb Code    20  stm32f10x_tim.o(.text)
    TIM_ICStructInit                         0x080018c3   Thumb Code    18  stm32f10x_tim.o(.text)
    TIM_BDTRStructInit                       0x080018d5   Thumb Code    40  stm32f10x_tim.o(.text)
    TIM_Cmd                                  0x080018fd   Thumb Code    24  stm32f10x_tim.o(.text)
    TIM_CtrlPWMOutputs                       0x08001915   Thumb Code    30  stm32f10x_tim.o(.text)
    TIM_ITConfig                             0x08001933   Thumb Code    18  stm32f10x_tim.o(.text)
    TIM_GenerateEvent                        0x08001945   Thumb Code     4  stm32f10x_tim.o(.text)
    TIM_DMAConfig                            0x08001949   Thumb Code    10  stm32f10x_tim.o(.text)
    TIM_DMACmd                               0x08001953   Thumb Code    18  stm32f10x_tim.o(.text)
    TIM_InternalClockConfig                  0x08001965   Thumb Code    12  stm32f10x_tim.o(.text)
    TIM_SelectInputTrigger                   0x08001971   Thumb Code    18  stm32f10x_tim.o(.text)
    TIM_ITRxExternalClockConfig              0x08001983   Thumb Code    24  stm32f10x_tim.o(.text)
    TIM_TIxExternalClockConfig               0x0800199b   Thumb Code    62  stm32f10x_tim.o(.text)
    TIM_ETRConfig                            0x080019d9   Thumb Code    28  stm32f10x_tim.o(.text)
    TIM_ETRClockMode1Config                  0x080019f5   Thumb Code    54  stm32f10x_tim.o(.text)
    TIM_ETRClockMode2Config                  0x08001a2b   Thumb Code    32  stm32f10x_tim.o(.text)
    TIM_PrescalerConfig                      0x08001a4b   Thumb Code     6  stm32f10x_tim.o(.text)
    TIM_CounterModeConfig                    0x08001a51   Thumb Code    18  stm32f10x_tim.o(.text)
    TIM_EncoderInterfaceConfig               0x08001a63   Thumb Code    66  stm32f10x_tim.o(.text)
    TIM_ForcedOC1Config                      0x08001aa5   Thumb Code    18  stm32f10x_tim.o(.text)
    TIM_ForcedOC2Config                      0x08001ab7   Thumb Code    26  stm32f10x_tim.o(.text)
    TIM_ForcedOC3Config                      0x08001ad1   Thumb Code    18  stm32f10x_tim.o(.text)
    TIM_ForcedOC4Config                      0x08001ae3   Thumb Code    26  stm32f10x_tim.o(.text)
    TIM_ARRPreloadConfig                     0x08001afd   Thumb Code    24  stm32f10x_tim.o(.text)
    TIM_SelectCOM                            0x08001b15   Thumb Code    24  stm32f10x_tim.o(.text)
    TIM_SelectCCDMA                          0x08001b2d   Thumb Code    24  stm32f10x_tim.o(.text)
    TIM_CCPreloadControl                     0x08001b45   Thumb Code    24  stm32f10x_tim.o(.text)
    TIM_OC1PreloadConfig                     0x08001b5d   Thumb Code    18  stm32f10x_tim.o(.text)
    TIM_OC2PreloadConfig                     0x08001b6f   Thumb Code    26  stm32f10x_tim.o(.text)
    TIM_OC3PreloadConfig                     0x08001b89   Thumb Code    18  stm32f10x_tim.o(.text)
    TIM_OC4PreloadConfig                     0x08001b9b   Thumb Code    26  stm32f10x_tim.o(.text)
    TIM_OC1FastConfig                        0x08001bb5   Thumb Code    18  stm32f10x_tim.o(.text)
    TIM_OC2FastConfig                        0x08001bc7   Thumb Code    26  stm32f10x_tim.o(.text)
    TIM_OC3FastConfig                        0x08001be1   Thumb Code    18  stm32f10x_tim.o(.text)
    TIM_OC4FastConfig                        0x08001bf3   Thumb Code    26  stm32f10x_tim.o(.text)
    TIM_ClearOC1Ref                          0x08001c0d   Thumb Code    18  stm32f10x_tim.o(.text)
    TIM_ClearOC2Ref                          0x08001c1f   Thumb Code    24  stm32f10x_tim.o(.text)
    TIM_ClearOC3Ref                          0x08001c37   Thumb Code    18  stm32f10x_tim.o(.text)
    TIM_ClearOC4Ref                          0x08001c49   Thumb Code    24  stm32f10x_tim.o(.text)
    TIM_OC1PolarityConfig                    0x08001c61   Thumb Code    18  stm32f10x_tim.o(.text)
    TIM_OC1NPolarityConfig                   0x08001c73   Thumb Code    18  stm32f10x_tim.o(.text)
    TIM_OC2PolarityConfig                    0x08001c85   Thumb Code    26  stm32f10x_tim.o(.text)
    TIM_OC2NPolarityConfig                   0x08001c9f   Thumb Code    26  stm32f10x_tim.o(.text)
    TIM_OC3PolarityConfig                    0x08001cb9   Thumb Code    26  stm32f10x_tim.o(.text)
    TIM_OC3NPolarityConfig                   0x08001cd3   Thumb Code    26  stm32f10x_tim.o(.text)
    TIM_OC4PolarityConfig                    0x08001ced   Thumb Code    26  stm32f10x_tim.o(.text)
    TIM_CCxCmd                               0x08001d07   Thumb Code    30  stm32f10x_tim.o(.text)
    TIM_CCxNCmd                              0x08001d25   Thumb Code    30  stm32f10x_tim.o(.text)
    TIM_SelectOCxM                           0x08001d43   Thumb Code    82  stm32f10x_tim.o(.text)
    TIM_UpdateDisableConfig                  0x08001d95   Thumb Code    24  stm32f10x_tim.o(.text)
    TIM_UpdateRequestConfig                  0x08001dad   Thumb Code    24  stm32f10x_tim.o(.text)
    TIM_SelectHallSensor                     0x08001dc5   Thumb Code    24  stm32f10x_tim.o(.text)
    TIM_SelectOnePulseMode                   0x08001ddd   Thumb Code    18  stm32f10x_tim.o(.text)
    TIM_SelectOutputTrigger                  0x08001def   Thumb Code    18  stm32f10x_tim.o(.text)
    TIM_SelectSlaveMode                      0x08001e01   Thumb Code    18  stm32f10x_tim.o(.text)
    TIM_SelectMasterSlaveMode                0x08001e13   Thumb Code    18  stm32f10x_tim.o(.text)
    TIM_SetCounter                           0x08001e25   Thumb Code     4  stm32f10x_tim.o(.text)
    TIM_SetAutoreload                        0x08001e29   Thumb Code     4  stm32f10x_tim.o(.text)
    TIM_SetCompare1                          0x08001e2d   Thumb Code     4  stm32f10x_tim.o(.text)
    TIM_SetCompare2                          0x08001e31   Thumb Code     4  stm32f10x_tim.o(.text)
    TIM_SetCompare3                          0x08001e35   Thumb Code     4  stm32f10x_tim.o(.text)
    TIM_SetCompare4                          0x08001e39   Thumb Code     6  stm32f10x_tim.o(.text)
    TIM_SetClockDivision                     0x08001e3f   Thumb Code    18  stm32f10x_tim.o(.text)
    TIM_GetCapture1                          0x08001e51   Thumb Code     6  stm32f10x_tim.o(.text)
    TIM_GetCapture2                          0x08001e57   Thumb Code     6  stm32f10x_tim.o(.text)
    TIM_GetCapture3                          0x08001e5d   Thumb Code     6  stm32f10x_tim.o(.text)
    TIM_GetCapture4                          0x08001e63   Thumb Code     8  stm32f10x_tim.o(.text)
    TIM_GetCounter                           0x08001e6b   Thumb Code     6  stm32f10x_tim.o(.text)
    TIM_GetPrescaler                         0x08001e71   Thumb Code     6  stm32f10x_tim.o(.text)
    TIM_GetFlagStatus                        0x08001e77   Thumb Code    18  stm32f10x_tim.o(.text)
    TIM_ClearFlag                            0x08001e89   Thumb Code     6  stm32f10x_tim.o(.text)
    TIM_GetITStatus                          0x08001e8f   Thumb Code    34  stm32f10x_tim.o(.text)
    TIM_ClearITPendingBit                    0x08001eb1   Thumb Code     6  stm32f10x_tim.o(.text)
    USART_DeInit                             0x08001eb9   Thumb Code   134  stm32f10x_usart.o(.text)
    USART_Init                               0x08001f3f   Thumb Code   210  stm32f10x_usart.o(.text)
    USART_StructInit                         0x08002011   Thumb Code    24  stm32f10x_usart.o(.text)
    USART_ClockInit                          0x08002029   Thumb Code    34  stm32f10x_usart.o(.text)
    USART_ClockStructInit                    0x0800204b   Thumb Code    12  stm32f10x_usart.o(.text)
    USART_Cmd                                0x08002057   Thumb Code    24  stm32f10x_usart.o(.text)
    USART_ITConfig                           0x0800206f   Thumb Code    74  stm32f10x_usart.o(.text)
    USART_DMACmd                             0x080020b9   Thumb Code    18  stm32f10x_usart.o(.text)
    USART_SetAddress                         0x080020cb   Thumb Code    18  stm32f10x_usart.o(.text)
    USART_WakeUpConfig                       0x080020dd   Thumb Code    18  stm32f10x_usart.o(.text)
    USART_ReceiverWakeUpCmd                  0x080020ef   Thumb Code    24  stm32f10x_usart.o(.text)
    USART_LINBreakDetectLengthConfig         0x08002107   Thumb Code    18  stm32f10x_usart.o(.text)
    USART_LINCmd                             0x08002119   Thumb Code    24  stm32f10x_usart.o(.text)
    USART_SendData                           0x08002131   Thumb Code     8  stm32f10x_usart.o(.text)
    USART_ReceiveData                        0x08002139   Thumb Code    10  stm32f10x_usart.o(.text)
    USART_SendBreak                          0x08002143   Thumb Code    10  stm32f10x_usart.o(.text)
    USART_SetGuardTime                       0x0800214d   Thumb Code    16  stm32f10x_usart.o(.text)
    USART_SetPrescaler                       0x0800215d   Thumb Code    16  stm32f10x_usart.o(.text)
    USART_SmartCardCmd                       0x0800216d   Thumb Code    24  stm32f10x_usart.o(.text)
    USART_SmartCardNACKCmd                   0x08002185   Thumb Code    24  stm32f10x_usart.o(.text)
    USART_HalfDuplexCmd                      0x0800219d   Thumb Code    24  stm32f10x_usart.o(.text)
    USART_OverSampling8Cmd                   0x080021b5   Thumb Code    22  stm32f10x_usart.o(.text)
    USART_OneBitMethodCmd                    0x080021cb   Thumb Code    24  stm32f10x_usart.o(.text)
    USART_IrDAConfig                         0x080021e3   Thumb Code    18  stm32f10x_usart.o(.text)
    USART_IrDACmd                            0x080021f5   Thumb Code    24  stm32f10x_usart.o(.text)
    USART_GetFlagStatus                      0x0800220d   Thumb Code    26  stm32f10x_usart.o(.text)
    USART_ClearFlag                          0x08002227   Thumb Code    18  stm32f10x_usart.o(.text)
    USART_GetITStatus                        0x08002239   Thumb Code    84  stm32f10x_usart.o(.text)
    USART_ClearITPendingBit                  0x0800228d   Thumb Code    52  stm32f10x_usart.o(.text)
    NMI_Handler                              0x080022c1   Thumb Code     2  stm32f10x_it.o(.text)
    HardFault_Handler                        0x080022c3   Thumb Code     4  stm32f10x_it.o(.text)
    MemManage_Handler                        0x080022c7   Thumb Code     4  stm32f10x_it.o(.text)
    BusFault_Handler                         0x080022cb   Thumb Code     4  stm32f10x_it.o(.text)
    UsageFault_Handler                       0x080022cf   Thumb Code     4  stm32f10x_it.o(.text)
    SVC_Handler                              0x080022d3   Thumb Code     2  stm32f10x_it.o(.text)
    DebugMon_Handler                         0x080022d5   Thumb Code     2  stm32f10x_it.o(.text)
    PendSV_Handler                           0x080022d7   Thumb Code     2  stm32f10x_it.o(.text)
    SysTick_Handler                          0x080022d9   Thumb Code     2  stm32f10x_it.o(.text)
    TIM2_IRQHandler                          0x080022db   Thumb Code    52  stm32f10x_it.o(.text)
    USART1_IRQHandler                        0x0800230f   Thumb Code    42  stm32f10x_it.o(.text)
    main                                     0x08002349   Thumb Code   180  main.o(.text)
    HSE_System_Clock_Init                    0x0800240d   Thumb Code   106  sysclock.o(.text)
    TIM_NVIC_Init                            0x08002479   Thumb Code    34  tim_measure.o(.text)
    TIM_GPIO_Init                            0x0800249b   Thumb Code    32  tim_measure.o(.text)
    TIM_Mode_Init                            0x080024bb   Thumb Code    54  tim_measure.o(.text)
    TIM_IC_Mode_Init                         0x080024f1   Thumb Code    40  tim_measure.o(.text)
    TIM_General_Init                         0x08002519   Thumb Code    48  tim_measure.o(.text)
    Wifi_Delay_A_While                       0x0800254d   Thumb Code    16  wifi.o(.text)
    WIFI_CMD_TCP_SETUP                       0x0800255d   Thumb Code    36  wifi.o(.text)
    Cache_Init_Get                           0x08002581   Thumb Code    28  wifi.o(.text)
    Cache_Clear                              0x0800259d   Thumb Code    32  wifi.o(.text)
    Cache_Add                                0x080025bd   Thumb Code    14  wifi.o(.text)
    Wifi_Receive_CMD_CMP                     0x080025cb   Thumb Code    56  wifi.o(.text)
    Wifi_Send                                0x08002603   Thumb Code    30  wifi.o(.text)
    Wifi_Init                                0x08002621   Thumb Code   158  wifi.o(.text)
    Wifi_Client_Connected                    0x080026bf   Thumb Code    38  wifi.o(.text)
    Wifi_Get_Client_IP                       0x080026e5   Thumb Code    38  wifi.o(.text)
    Wifi_TCP_Setup                           0x0800270b   Thumb Code    76  wifi.o(.text)
    Wifi_Direct_CMD                          0x08002757   Thumb Code    84  wifi.o(.text)
    Wifi_Receive_IRQ_CMD                     0x080027ab   Thumb Code    56  wifi.o(.text)
    WIFI_NVIC_CFG                            0x08002841   Thumb Code    42  bsp_usart.o(.text)
    WIFI_USART_CFG                           0x0800286b   Thumb Code   136  bsp_usart.o(.text)
    EXTERN_USART_CFG                         0x080028f3   Thumb Code   128  bsp_usart.o(.text)
    EXTERN_NVIC_CFG                          0x08002973   Thumb Code    30  bsp_usart.o(.text)
    Usart_SendByte                           0x08002991   Thumb Code    30  bsp_usart.o(.text)
    Usart_SendString                         0x080029af   Thumb Code    42  bsp_usart.o(.text)
    Usart_SendUint32                         0x080029d9   Thumb Code   114  bsp_usart.o(.text)
    __aeabi_memcpy                           0x08002a59   Thumb Code    36  memcpya.o(.text)
    __aeabi_memcpy4                          0x08002a59   Thumb Code     0  memcpya.o(.text)
    __aeabi_memcpy8                          0x08002a59   Thumb Code     0  memcpya.o(.text)
    strcat                                   0x08002a7d   Thumb Code    24  strcat.o(.text)
    strcpy                                   0x08002a95   Thumb Code    18  strcpy.o(.text)
    __scatterload                            0x08002aa9   Thumb Code    28  init.o(.text)
    __scatterload_rt2                        0x08002aa9   Thumb Code     0  init.o(.text)
    __scatterload_copy                       0x08002acd   Thumb Code    14  handlers.o(i.__scatterload_copy)
    __scatterload_null                       0x08002adb   Thumb Code     2  handlers.o(i.__scatterload_null)
    __scatterload_zeroinit                   0x08002add   Thumb Code    14  handlers.o(i.__scatterload_zeroinit)
    WIFI_CMD_RETURE_DISABLED                 0x08002aea   Data           7  wifi.o(.constdata)
    WIFI_CMD_BASIC_TEST                      0x08002af1   Data           5  wifi.o(.constdata)
    WIFI_CMD_AP_BUILD                        0x08002af6   Data          20  wifi.o(.constdata)
    WIFI_CMD_AP_SETUP                        0x08002b0a   Data          38  wifi.o(.constdata)
    WIFI_CMD_AP_CONNECTION_GET               0x08002b30   Data          11  wifi.o(.constdata)
    WIFI_CMD_AP_MULTI_CONNECTION_DISABLE     0x08002b3b   Data          14  wifi.o(.constdata)
    WIFI_CMD_DIRECT_CONNECTION_STEP1         0x08002b49   Data          15  wifi.o(.constdata)
    WIFI_CMD_DIRECT_CONNECTION_STEP2         0x08002b58   Data          13  wifi.o(.constdata)
    WIFI_CMD_DIRECT_CONNECTION_END           0x08002b65   Data           4  wifi.o(.constdata)
    Region$$Table$$Base                      0x08002b6c   Number         0  anon$$obj.o(Region$$Table)
    Region$$Table$$Limit                     0x08002b8c   Number         0  anon$$obj.o(Region$$Table)
    SystemCoreClock                          0x20000000   Data           4  system_stm32f10x.o(.data)
    AHBPrescTable                            0x20000004   Data          16  system_stm32f10x.o(.data)
    measure_mode                             0x20000028   Data           1  stm32f10x_it.o(.data)
    frequency                                0x2000002c   Data           4  stm32f10x_it.o(.data)
    Wifi_Cache                               0x20000030   Data         104  stm32f10x_it.o(.bss)
    Client_IP_Address                        0x20000098   Data          20  wifi.o(.bss)
    __initial_sp                             0x200020b0   Data           0  startup_stm32f10x_md.o(STACK)



==============================================================================

Memory Map of the image

  Image Entry point : 0x080000ed

  Load Region LR_IROM1 (Base: 0x08000000, Size: 0x00002bbc, Max: 0x00010000, ABSOLUTE)

    Execution Region ER_IROM1 (Exec base: 0x08000000, Load base: 0x08000000, Size: 0x00002b8c, Max: 0x00010000, ABSOLUTE)

    Exec Addr    Load Addr    Size         Type   Attr      Idx    E Section Name        Object

    0x08000000   0x08000000   0x000000ec   Data   RO            3    RESET               startup_stm32f10x_md.o
    0x080000ec   0x080000ec   0x00000000   Code   RO          514  * .ARM.Collect$$$$00000000  mc_w.l(entry.o)
    0x080000ec   0x080000ec   0x00000004   Code   RO          525    .ARM.Collect$$$$00000001  mc_w.l(entry2.o)
    0x080000f0   0x080000f0   0x00000004   Code   RO          528    .ARM.Collect$$$$00000004  mc_w.l(entry5.o)
    0x080000f4   0x080000f4   0x00000000   Code   RO          530    .ARM.Collect$$$$00000008  mc_w.l(entry7b.o)
    0x080000f4   0x080000f4   0x00000000   Code   RO          532    .ARM.Collect$$$$0000000A  mc_w.l(entry8b.o)
    0x080000f4   0x080000f4   0x00000008   Code   RO          533    .ARM.Collect$$$$0000000B  mc_w.l(entry9a.o)
    0x080000fc   0x080000fc   0x00000000   Code   RO          535    .ARM.Collect$$$$0000000D  mc_w.l(entry10a.o)
    0x080000fc   0x080000fc   0x00000000   Code   RO          537    .ARM.Collect$$$$0000000F  mc_w.l(entry11a.o)
    0x080000fc   0x080000fc   0x00000004   Code   RO          526    .ARM.Collect$$$$00002712  mc_w.l(entry2.o)
    0x08000100   0x08000100   0x00000024   Code   RO            4    .text               startup_stm32f10x_md.o
    0x08000124   0x08000124   0x000001e0   Code   RO           24    .text               system_stm32f10x.o
    0x08000304   0x08000304   0x000000dc   Code   RO          121    .text               misc.o
    0x080003e0   0x080003e0   0x000005bc   Code   RO          245    .text               stm32f10x_flash.o
    0x0800099c   0x0800099c   0x0000035c   Code   RO          269    .text               stm32f10x_gpio.o
    0x08000cf8   0x08000cf8   0x000003a4   Code   RO          317    .text               stm32f10x_rcc.o
    0x0800109c   0x0800109c   0x00000e1a   Code   RO          367    .text               stm32f10x_tim.o
    0x08001eb6   0x08001eb6   0x00000002   PAD
    0x08001eb8   0x08001eb8   0x00000408   Code   RO          379    .text               stm32f10x_usart.o
    0x080022c0   0x080022c0   0x00000088   Code   RO          403    .text               stm32f10x_it.o
    0x08002348   0x08002348   0x000000c4   Code   RO          435    .text               main.o
    0x0800240c   0x0800240c   0x0000006a   Code   RO          457    .text               sysclock.o
    0x08002476   0x08002476   0x00000002   PAD
    0x08002478   0x08002478   0x000000d4   Code   RO          469    .text               tim_measure.o
    0x0800254c   0x0800254c   0x000002f4   Code   RO          481    .text               wifi.o
    0x08002840   0x08002840   0x00000218   Code   RO          502    .text               bsp_usart.o
    0x08002a58   0x08002a58   0x00000024   Code   RO          517    .text               mc_w.l(memcpya.o)
    0x08002a7c   0x08002a7c   0x00000018   Code   RO          519    .text               mc_w.l(strcat.o)
    0x08002a94   0x08002a94   0x00000012   Code   RO          521    .text               mc_w.l(strcpy.o)
    0x08002aa6   0x08002aa6   0x00000002   PAD
    0x08002aa8   0x08002aa8   0x00000024   Code   RO          539    .text               mc_w.l(init.o)
    0x08002acc   0x08002acc   0x0000000e   Code   RO          543    i.__scatterload_copy  mc_w.l(handlers.o)
    0x08002ada   0x08002ada   0x00000002   Code   RO          544    i.__scatterload_null  mc_w.l(handlers.o)
    0x08002adc   0x08002adc   0x0000000e   Code   RO          545    i.__scatterload_zeroinit  mc_w.l(handlers.o)
    0x08002aea   0x08002aea   0x0000007f   Data   RO          483    .constdata          wifi.o
    0x08002b69   0x08002b69   0x00000003   PAD
    0x08002b6c   0x08002b6c   0x00000020   Data   RO          541    Region$$Table       anon$$obj.o


    Execution Region RW_IRAM1 (Exec base: 0x20000000, Load base: 0x08002b8c, Size: 0x000020b0, Max: 0x00005000, ABSOLUTE)

    Exec Addr    Load Addr    Size         Type   Attr      Idx    E Section Name        Object

    0x20000000   0x08002b8c   0x00000014   Data   RW           25    .data               system_stm32f10x.o
    0x20000014   0x08002ba0   0x00000014   Data   RW          318    .data               stm32f10x_rcc.o
    0x20000028   0x08002bb4   0x00000008   Data   RW          405    .data               stm32f10x_it.o
    0x20000030        -       0x00000068   Zero   RW          404    .bss                stm32f10x_it.o
    0x20000098        -       0x00000014   Zero   RW          482    .bss                wifi.o
    0x200000ac   0x08002bbc   0x00000004   PAD
    0x200000b0        -       0x00002000   Zero   RW            1    STACK               startup_stm32f10x_md.o


==============================================================================

Image component sizes


      Code (inc. data)   RO Data    RW Data    ZI Data      Debug   Object Name

       536         14          0          0          0       2441   bsp_usart.o
         0          0          0          0          0       4508   core_cm3.o
       196         16          0          0          0        619   main.o
       220         22          0          0          0       1745   misc.o
        36          8        236          0       8192        836   startup_stm32f10x_md.o
      1468         34          0          0          0       8150   stm32f10x_flash.o
       860         38          0          0          0       5677   stm32f10x_gpio.o
       136         16          0          8        104       2412   stm32f10x_it.o
       932         36          0         20          0       8824   stm32f10x_rcc.o
      3610         88          0          0          0      22784   stm32f10x_tim.o
      1032         22          0          0          0       8400   stm32f10x_usart.o
       106          0          0          0          0        832   sysclock.o
       480         38          0         20          0     254883   system_stm32f10x.o
       212          4          0          0          0       1110   tim_measure.o
       756         94        127          0         20      20037   wifi.o

    ----------------------------------------------------------------------
     10584        430        398         48       8320     343258   Object Totals
         0          0         32          0          0          0   (incl. Generated)
         4          0          3          0          4          0   (incl. Padding)

    ----------------------------------------------------------------------

      Code (inc. data)   RO Data    RW Data    ZI Data      Debug   Library Member Name

         0          0          0          0          0          0   entry.o
         0          0          0          0          0          0   entry10a.o
         0          0          0          0          0          0   entry11a.o
         8          4          0          0          0          0   entry2.o
         4          0          0          0          0          0   entry5.o
         0          0          0          0          0          0   entry7b.o
         0          0          0          0          0          0   entry8b.o
         8          4          0          0          0          0   entry9a.o
        30          0          0          0          0          0   handlers.o
        36          8          0          0          0         68   init.o
        36          0          0          0          0         68   memcpya.o
        24          0          0          0          0         68   strcat.o
        18          0          0          0          0         68   strcpy.o

    ----------------------------------------------------------------------
       166         16          0          0          0        272   Library Totals
         2          0          0          0          0          0   (incl. Padding)

    ----------------------------------------------------------------------

      Code (inc. data)   RO Data    RW Data    ZI Data      Debug   Library Name

       164         16          0          0          0        272   mc_w.l

    ----------------------------------------------------------------------
       166         16          0          0          0        272   Library Totals

    ----------------------------------------------------------------------

==============================================================================


      Code (inc. data)   RO Data    RW Data    ZI Data      Debug   

     10750        446        398         48       8320     342382   Grand Totals
     10750        446        398         48       8320     342382   ELF Image Totals
     10750        446        398         48          0          0   ROM Totals

==============================================================================

    Total RO  Size (Code + RO Data)                11148 (  10.89kB)
    Total RW  Size (RW Data + ZI Data)              8368 (   8.17kB)
    Total ROM Size (Code + RO Data + RW Data)      11196 (  10.93kB)

==============================================================================

